// Jest Snapshot v1, https://goo.gl/fbAQLP

exports[`Should render Edit Expense Page 1`] = `
<div>
  <div
    className="page-header"
  >
    <div
      className="content-container"
    >
      <h1
        className="page-header__title"
      >
        Edit Expense
      </h1>
    </div>
  </div>
  <div
    className="content-container"
  >
    <ExpenseForm
      expense={
        Object {
          "amount": 2,
          "createdAt": 0,
          "description": "Gum",
          "id": "alsdjfklj",
          "note": "",
        }
      }
      onSubmit={[Function]}
    />
  </div>
  <ConfirmDeleteModal
    handleRemove={[Function]}
  />
</div>
`;
