// Jest Snapshot v1, https://goo.gl/fbAQLP

exports[`Should render single expense list item 1`] = `
<div>
  <h3>
    <Link
      replace={false}
      to="/edit/1"
    >
      Gum
    </Link>
  </h3>
  <p>
    $0.02
    -
    December 31st, 1969
  </p>
</div>
`;
