// Jest Snapshot v1, https://goo.gl/fbAQLP

exports[`Should render Login Page Correctly 1`] = `
<div>
  <div
    className="loginForm"
  >
    <button
      onClick={[Function]}
      type="submit"
    >
      Login
    </button>
  </div>
</div>
`;
